prelude/standard_prelude
.
prelude/standard_prelude
/Users/alberto.vergara/.bondi
(* Begin sourcing "/Users/alberto.vergara/.bondi/prelude/standard_prelude.bon"... *)
prelude/printing.bon
.
prelude/printing.bon
/Users/alberto.vergara/.bondi
(* Begin sourcing "/Users/alberto.vergara/.bondi/prelude/printing.bon"... *)
^: String -> String -> String
toString: a -> String
print: a -> Unit
println: a -> Unit
(* Finished sourcing "/Users/alberto.vergara/.bondi/prelude/printing.bon" *)
prelude/imperatives_core.bon
.
prelude/imperatives_core.bon
/Users/alberto.vergara/.bondi
(* Begin sourcing "/Users/alberto.vergara/.bondi/prelude/imperatives_core.bon"... *)
forall: Int -> Int -> (Int -> a) -> Unit
iter: (all a.a -> Unit) -> b -> Unit
clone: a -> a
(* Finished sourcing "/Users/alberto.vergara/.bondi/prelude/imperatives_core.bon" *)
prelude/structure_poly.bon
.
prelude/structure_poly.bon
/Users/alberto.vergara/.bondi
(* Begin sourcing "/Users/alberto.vergara/.bondi/prelude/structure_poly.bon"... *)
Pair: a -> b -> a * b
fromTuple: a -> String
it: Unit
fst: a * b -> a
snd: a * b -> b
Inl: a -> a + b
Inr: b -> a + b
Evr: a -> Konstant a b
Ths: a -> Identity a
ParamPair: a b -> c b -> ParamProduct a c b
Ok: a b -> Okay a b
Nest: a (b c) -> Nested a b c
Tag: (a -> b) -> a c -> Represent a b c
deconstruct: a b -> (all c.Represent c a b -> d) -> d
reconstruct: Represent a b c -> b c
map: (a -> b) -> c a -> c b
Nil: List a
Cons: a -> List a -> List a
toString: b -> String
toString: c -> String
Some: a -> Maybe a
None: Maybe a
foldleft: (a -> b -> a) -> a -> c b -> a
foldright: (a -> b -> b) -> c a -> b -> b
zipwith: (a * b -> c) -> d a * e b -> d c
(* Finished sourcing "/Users/alberto.vergara/.bondi/prelude/structure_poly.bon" *)
prelude/datum2generic.bon
.
prelude/datum2generic.bon
/Users/alberto.vergara/.bondi
(* Begin sourcing "/Users/alberto.vergara/.bondi/prelude/datum2generic.bon"... *)
&&: Bool -> Bool -> Bool
not: Bool -> Bool
||: Bool -> Bool -> Bool
equal: a * b -> Bool
==: a -> a -> Bool
!=: a -> a -> Bool
plus: a * b -> a
+: a -> a -> a
shortplus: a * b -> a
minus: a * b -> a
-: a -> a -> a
times: a * b -> a
*: a -> a -> a
divide: a * b -> a
/: a -> a -> a
negate: a -> a
lessthan: a * b -> Bool
<: a -> a -> Bool
lessthanorequal: a * b -> Bool
<=: a -> a -> Bool
greaterthan: a * b -> Bool
>: a -> a -> Bool
greaterthanorequal: a * b -> Bool
>=: a -> a -> Bool
(* Finished sourcing "/Users/alberto.vergara/.bondi/prelude/datum2generic.bon" *)
prelude/dynamic2static.bon
.
prelude/dynamic2static.bon
/Users/alberto.vergara/.bondi
(* Begin sourcing "/Users/alberto.vergara/.bondi/prelude/dynamic2static.bon"... *)
dynamic_case_for_internal_use_only = ...
(* Finished sourcing "/Users/alberto.vergara/.bondi/prelude/dynamic2static.bon" *)
prelude/queries.bon
.
prelude/queries.bon
/Users/alberto.vergara/.bondi
(* Begin sourcing "/Users/alberto.vergara/.bondi/prelude/queries.bon"... *)
apply2all: (all a.a -> a) -> b -> b
append: List a -> List a -> List a
some_append: Maybe a -> List a -> List a
select: (all a.a -> Maybe b) -> c -> List b
is: lin a -> b -> Maybe a
(* Finished sourcing "/Users/alberto.vergara/.bondi/prelude/queries.bon" *)
(* Finished sourcing "/Users/alberto.vergara/.bondi/prelude/standard_prelude.bon" *)
../../../tests/structure_poly_tests.bon
.
(* Begin sourcing "./../../../tests/structure_poly_tests.bon"... *)
plusOne: Int -> Int
mapList: (a -> b) -> List a -> List b
it: Bool
it = True
it: (a -> b) -> c a -> c b
(* Finished sourcing "./../../../tests/structure_poly_tests.bon" *)
